Device EB:06:EF:62:B3:19 (public)
        Name: TaoTronics TT-BH026
        Alias: TaoTronics TT-BH026
        Class: 0x00240404
        Icon: audio-headset
        Paired: no
        Bonded: no
        Trusted: no
        Blocked: no
        Connected: no
        LegacyPairing: no
        UUID: Advanced Audio Distribu.. (0000110d-0000-1000-8000-00805f9b34fb)
        UUID: Audio Sink                (0000110b-0000-1000-8000-00805f9b34fb)
        UUID: A/V Remote Control        (0000110e-0000-1000-8000-00805f9b34fb)
        UUID: A/V Remote Control Cont.. (0000110f-0000-1000-8000-00805f9b34fb)
        UUID: Handsfree                 (0000111e-0000-1000-8000-00805f9b34fb)
        UUID: Headset                   (00001108-0000-1000-8000-00805f9b34fb)
        UUID: Headset HS                (00001131-0000-1000-8000-00805f9b34fb)
        RSSI: -52
        TxPower: 4